--------------------------------------------------------------------------
[[59181,1],0]: A high-performance Open MPI point-to-point messaging module
was unable to find any relevant network interfaces:

Module: OpenFabrics (openib)
  Host: her-fetch-instance

Another transport will be used instead, although this may result in
lower performance.
--------------------------------------------------------------------------
WARNING:tensorflow:From /home/gsarma8/.local/lib/python3.5/site-packages/tensorflow/contrib/learn/python/learn/datasets/base.py:198: retry (from tensorflow.contrib.learn.python.learn.datasets.base) is deprecated and will be removed in a future version.
Instructions for updating:
Use the retry module or similar alternatives.
--------------------------------------------------------------------------
[[58586,1],1]: A high-performance Open MPI point-to-point messaging module
was unable to find any relevant network interfaces:

Module: OpenFabrics (openib)
  Host: her-fetch-instance

Another transport will be used instead, although this may result in
lower performance.
--------------------------------------------------------------------------
WARNING:tensorflow:From /home/gsarma8/.local/lib/python3.5/site-packages/tensorflow/contrib/learn/python/learn/datasets/base.py:198: retry (from tensorflow.contrib.learn.python.learn.datasets.base) is deprecated and will be removed in a future version.
Instructions for updating:
Use the retry module or similar alternatives.
WARNING:tensorflow:From /home/gsarma8/.local/lib/python3.5/site-packages/tensorflow/contrib/learn/python/learn/datasets/base.py:198: retry (from tensorflow.contrib.learn.python.learn.datasets.base) is deprecated and will be removed in a future version.
Instructions for updating:
Use the retry module or similar alternatives.
WARNING:tensorflow:From /home/gsarma8/.local/lib/python3.5/site-packages/tensorflow/contrib/learn/python/learn/datasets/base.py:198: retry (from tensorflow.contrib.learn.python.learn.datasets.base) is deprecated and will be removed in a future version.
Instructions for updating:
Use the retry module or similar alternatives.
WARNING:tensorflow:From /home/gsarma8/.local/lib/python3.5/site-packages/tensorflow/contrib/learn/python/learn/datasets/base.py:198: retry (from tensorflow.contrib.learn.python.learn.datasets.base) is deprecated and will be removed in a future version.
Instructions for updating:
Use the retry module or similar alternatives.
WARNING:tensorflow:From /home/gsarma8/.local/lib/python3.5/site-packages/tensorflow/contrib/learn/python/learn/datasets/base.py:198: retry (from tensorflow.contrib.learn.python.learn.datasets.base) is deprecated and will be removed in a future version.
Instructions for updating:
Use the retry module or similar alternatives.
WARNING:tensorflow:From /home/gsarma8/.local/lib/python3.5/site-packages/tensorflow/contrib/learn/python/learn/datasets/base.py:198: retry (from tensorflow.contrib.learn.python.learn.datasets.base) is deprecated and will be removed in a future version.
Instructions for updating:
Use the retry module or similar alternatives.
WARNING:tensorflow:From /home/gsarma8/.local/lib/python3.5/site-packages/tensorflow/contrib/learn/python/learn/datasets/base.py:198: retry (from tensorflow.contrib.learn.python.learn.datasets.base) is deprecated and will be removed in a future version.
Instructions for updating:
Use the retry module or similar alternatives.
WARNING:tensorflow:From /home/gsarma8/.local/lib/python3.5/site-packages/tensorflow/contrib/learn/python/learn/datasets/base.py:198: retry (from tensorflow.contrib.learn.python.learn.datasets.base) is deprecated and will be removed in a future version.
Instructions for updating:
Use the retry module or similar alternatives.
WARNING:tensorflow:From /home/gsarma8/.local/lib/python3.5/site-packages/tensorflow/contrib/learn/python/learn/datasets/base.py:198: retry (from tensorflow.contrib.learn.python.learn.datasets.base) is deprecated and will be removed in a future version.
Instructions for updating:
Use the retry module or similar alternatives.
WARNING:tensorflow:From /home/gsarma8/.local/lib/python3.5/site-packages/tensorflow/contrib/learn/python/learn/datasets/base.py:198: retry (from tensorflow.contrib.learn.python.learn.datasets.base) is deprecated and will be removed in a future version.
Instructions for updating:
Use the retry module or similar alternatives.
WARNING:tensorflow:From /home/gsarma8/.local/lib/python3.5/site-packages/tensorflow/contrib/learn/python/learn/datasets/base.py:198: retry (from tensorflow.contrib.learn.python.learn.datasets.base) is deprecated and will be removed in a future version.
Instructions for updating:
Use the retry module or similar alternatives.
WARNING:tensorflow:From /home/gsarma8/.local/lib/python3.5/site-packages/tensorflow/contrib/learn/python/learn/datasets/base.py:198: retry (from tensorflow.contrib.learn.python.learn.datasets.base) is deprecated and will be removed in a future version.
Instructions for updating:
Use the retry module or similar alternatives.
2018-04-23 07:15:42.159571: I tensorflow/core/platform/cpu_feature_guard.cc:140] Your CPU supports instructions that this TensorFlow binary was not compiled to use: AVX2 FMA
Logging to /tmp/openai-2018-04-23-07-15-42-160431
2018-04-23 07:15:42.166513: I tensorflow/core/platform/cpu_feature_guard.cc:140] Your CPU supports instructions that this TensorFlow binary was not compiled to use: AVX2 FMA
2018-04-23 07:15:42.167678: I tensorflow/core/platform/cpu_feature_guard.cc:140] Your CPU supports instructions that this TensorFlow binary was not compiled to use: AVX2 FMA
Logging to /tmp/openai-2018-04-23-07-15-42-167326
Logging to /tmp/openai-2018-04-23-07-15-42-168639
2018-04-23 07:15:42.173608: I tensorflow/core/platform/cpu_feature_guard.cc:140] Your CPU supports instructions that this TensorFlow binary was not compiled to use: AVX2 FMA
Logging to /tmp/openai-2018-04-23-07-15-42-174374
2018-04-23 07:15:42.190774: I tensorflow/core/platform/cpu_feature_guard.cc:140] Your CPU supports instructions that this TensorFlow binary was not compiled to use: AVX2 FMA
Logging to /tmp/openai-2018-04-23-07-15-42-191494
2018-04-23 07:15:42.234708: I tensorflow/core/platform/cpu_feature_guard.cc:140] Your CPU supports instructions that this TensorFlow binary was not compiled to use: AVX2 FMA
Logging to /tmp/openai-2018-04-23-07-15-42-235505
2018-04-23 07:15:42.236285: I tensorflow/core/platform/cpu_feature_guard.cc:140] Your CPU supports instructions that this TensorFlow binary was not compiled to use: AVX2 FMA
Logging to /tmp/openai-2018-04-23-07-15-42-237109
2018-04-23 07:15:42.241663: I tensorflow/core/platform/cpu_feature_guard.cc:140] Your CPU supports instructions that this TensorFlow binary was not compiled to use: AVX2 FMA
Logging to /tmp/openai-2018-04-23-07-15-42-242451
2018-04-23 07:15:42.259522: I tensorflow/core/platform/cpu_feature_guard.cc:140] Your CPU supports instructions that this TensorFlow binary was not compiled to use: AVX2 FMA
Logging to /tmp/openai-2018-04-23-07-15-42-260416
2018-04-23 07:15:42.276891: I tensorflow/core/platform/cpu_feature_guard.cc:140] Your CPU supports instructions that this TensorFlow binary was not compiled to use: AVX2 FMA
Logging to /tmp/openai-2018-04-23-07-15-42-277702
T: 50
_Q_lr: 0.001
_action_l2: 1.0
_batch_size: 256
_buffer_size: 1000000
_clip_obs: 200.0
_hidden: 256
_layers: 3
_max_u: 1.0
_n_reps: 1
_network_class: baselines.her.actor_critic:ActorCritic
_nonuniform_sampling: True
_norm_clip: 5
_norm_eps: 0.01
_pi_lr: 0.001
_polyak: 0.95
_relative_goals: False
_scope: ddpg
_uniform_priority: False
ddpg_params: {'action_l2': 1.0, 'polyak': 0.95, 'batch_size': 256, 'uniform_priority': False, 'norm_eps': 0.01, 'Q_lr': 0.001, 'layers': 3, 'nonuniform_sampling': True, 'pi_lr': 0.001, 'relative_goals': False, 'scope': 'ddpg', 'max_u': 1.0, 'norm_clip': 5, 'network_class': 'baselines.her.actor_critic:ActorCritic', 'buffer_size': 1000000, 'n_reps': 1, 'hidden': 256, 'clip_obs': 200.0}
env_name: FetchReach-v1
gamma: 0.98
make_env: <function prepare_params.<locals>.make_env at 0x7f577cf4d9d8>
n_batches: 40
n_cycles: 50
n_test_rollouts: 10
noise_eps: 0.2
random_eps: 0.3
replay_k: 8
replay_strategy: future
rollout_batch_size: 2
test_with_polyak: False
T: 50
_Q_lr: 0.001
_action_l2: 1.0
_batch_size: 256
_buffer_size: 1000000
_clip_obs: 200.0
_hidden: 256
_layers: 3
_max_u: 1.0
_n_reps: 1
_network_class: baselines.her.actor_critic:ActorCritic
_nonuniform_sampling: True
_norm_clip: 5
_norm_eps: 0.01
_pi_lr: 0.001
_polyak: 0.95
_relative_goals: False
_scope: ddpg
_uniform_priority: False
ddpg_params: {'norm_clip': 5, 'action_l2': 1.0, 'polyak': 0.95, 'batch_size': 256, 'Q_lr': 0.001, 'max_u': 1.0, 'hidden': 256, 'uniform_priority': False, 'layers': 3, 'scope': 'ddpg', 'buffer_size': 1000000, 'relative_goals': False, 'network_class': 'baselines.her.actor_critic:ActorCritic', 'norm_eps': 0.01, 'nonuniform_sampling': True, 'pi_lr': 0.001, 'clip_obs': 200.0, 'n_reps': 1}
env_name: FetchReach-v1
gamma: 0.98
make_env: <function prepare_params.<locals>.make_env at 0x7f9a03e099d8>
n_batches: 40
n_cycles: 50
n_test_rollouts: 10
noise_eps: 0.2
random_eps: 0.3
replay_k: 8
replay_strategy: future
rollout_batch_size: 2
test_with_polyak: False
Creating a DDPG agent with action space 4 x 1.0...
T: 50
_Q_lr: 0.001
_action_l2: 1.0
_batch_size: 256
_buffer_size: 1000000
_clip_obs: 200.0
_hidden: 256
_layers: 3
_max_u: 1.0
_n_reps: 1
_network_class: baselines.her.actor_critic:ActorCritic
_nonuniform_sampling: True
_norm_clip: 5
_norm_eps: 0.01
_pi_lr: 0.001
_polyak: 0.95
_relative_goals: False
_scope: ddpg
_uniform_priority: False
ddpg_params: {'hidden': 256, 'polyak': 0.95, 'batch_size': 256, 'scope': 'ddpg', 'relative_goals': False, 'pi_lr': 0.001, 'layers': 3, 'nonuniform_sampling': True, 'norm_clip': 5, 'max_u': 1.0, 'action_l2': 1.0, 'n_reps': 1, 'buffer_size': 1000000, 'uniform_priority': False, 'clip_obs': 200.0, 'network_class': 'baselines.her.actor_critic:ActorCritic', 'Q_lr': 0.001, 'norm_eps': 0.01}
env_name: FetchReach-v1
gamma: 0.98
make_env: <function prepare_params.<locals>.make_env at 0x7f4dae0cc9d8>
n_batches: 40
n_cycles: 50
n_test_rollouts: 10
noise_eps: 0.2
random_eps: 0.3
replay_k: 8
replay_strategy: future
rollout_batch_size: 2
test_with_polyak: False
T: 50
_Q_lr: 0.001
_action_l2: 1.0
_batch_size: 256
_buffer_size: 1000000
_clip_obs: 200.0
_hidden: 256
_layers: 3
_max_u: 1.0
_n_reps: 1
_network_class: baselines.her.actor_critic:ActorCritic
_nonuniform_sampling: True
_norm_clip: 5
_norm_eps: 0.01
_pi_lr: 0.001
_polyak: 0.95
_relative_goals: False
_scope: ddpg
_uniform_priority: False
ddpg_params: {'clip_obs': 200.0, 'norm_eps': 0.01, 'network_class': 'baselines.her.actor_critic:ActorCritic', 'nonuniform_sampling': True, 'batch_size': 256, 'scope': 'ddpg', 'action_l2': 1.0, 'uniform_priority': False, 'layers': 3, 'Q_lr': 0.001, 'max_u': 1.0, 'polyak': 0.95, 'hidden': 256, 'n_reps': 1, 'buffer_size': 1000000, 'pi_lr': 0.001, 'relative_goals': False, 'norm_clip': 5}
env_name: FetchReach-v1
gamma: 0.98
make_env: <function prepare_params.<locals>.make_env at 0x7fc03c9c99d8>
n_batches: 40
n_cycles: 50
n_test_rollouts: 10
noise_eps: 0.2
random_eps: 0.3
replay_k: 8
replay_strategy: future
rollout_batch_size: 2
test_with_polyak: False
Creating a DDPG agent with action space 4 x 1.0...
Creating a DDPG agent with action space 4 x 1.0...
Creating a DDPG agent with action space 4 x 1.0...
T: 50
_Q_lr: 0.001
_action_l2: 1.0
_batch_size: 256
_buffer_size: 1000000
_clip_obs: 200.0
_hidden: 256
_layers: 3
_max_u: 1.0
_n_reps: 1
_network_class: baselines.her.actor_critic:ActorCritic
_nonuniform_sampling: True
_norm_clip: 5
_norm_eps: 0.01
_pi_lr: 0.001
_polyak: 0.95
_relative_goals: False
_scope: ddpg
_uniform_priority: False
ddpg_params: {'batch_size': 256, 'norm_clip': 5, 'scope': 'ddpg', 'Q_lr': 0.001, 'action_l2': 1.0, 'relative_goals': False, 'buffer_size': 1000000, 'n_reps': 1, 'clip_obs': 200.0, 'nonuniform_sampling': True, 'max_u': 1.0, 'uniform_priority': False, 'pi_lr': 0.001, 'layers': 3, 'hidden': 256, 'network_class': 'baselines.her.actor_critic:ActorCritic', 'norm_eps': 0.01, 'polyak': 0.95}
env_name: FetchReach-v1
gamma: 0.98
make_env: <function prepare_params.<locals>.make_env at 0x7fc1e322b9d8>
n_batches: 40
n_cycles: 50
n_test_rollouts: 10
noise_eps: 0.2
random_eps: 0.3
replay_k: 8
replay_strategy: future
rollout_batch_size: 2
test_with_polyak: False
Creating a DDPG agent with action space 4 x 1.0...
2018-04-23 07:15:42.375853: I tensorflow/core/platform/cpu_feature_guard.cc:140] Your CPU supports instructions that this TensorFlow binary was not compiled to use: AVX2 FMA
Logging to /tmp/openai-2018-04-23-07-15-42-376825
2018-04-23 07:15:42.386426: I tensorflow/core/platform/cpu_feature_guard.cc:140] Your CPU supports instructions that this TensorFlow binary was not compiled to use: AVX2 FMA
Logging to /tmp/openai-2018-04-23-07-15-42-387226
T: 50
_Q_lr: 0.001
_action_l2: 1.0
_batch_size: 256
_buffer_size: 1000000
_clip_obs: 200.0
_hidden: 256
_layers: 3
_max_u: 1.0
_n_reps: 1
_network_class: baselines.her.actor_critic:ActorCritic
_nonuniform_sampling: True
_norm_clip: 5
_norm_eps: 0.01
_pi_lr: 0.001
_polyak: 0.95
_relative_goals: False
_scope: ddpg
_uniform_priority: False
ddpg_params: {'n_reps': 1, 'clip_obs': 200.0, 'uniform_priority': False, 'max_u': 1.0, 'scope': 'ddpg', 'buffer_size': 1000000, 'hidden': 256, 'layers': 3, 'norm_clip': 5, 'pi_lr': 0.001, 'Q_lr': 0.001, 'relative_goals': False, 'batch_size': 256, 'action_l2': 1.0, 'network_class': 'baselines.her.actor_critic:ActorCritic', 'polyak': 0.95, 'nonuniform_sampling': True, 'norm_eps': 0.01}
env_name: FetchReach-v1
gamma: 0.98
make_env: <function prepare_params.<locals>.make_env at 0x7fbdb210c9d8>
n_batches: 40
n_cycles: 50
n_test_rollouts: 10
noise_eps: 0.2
random_eps: 0.3
replay_k: 8
replay_strategy: future
rollout_batch_size: 2
test_with_polyak: False
T: 50
_Q_lr: 0.001
_action_l2: 1.0
_batch_size: 256
_buffer_size: 1000000
_clip_obs: 200.0
_hidden: 256
_layers: 3
_max_u: 1.0
_n_reps: 1
_network_class: baselines.her.actor_critic:ActorCritic
_nonuniform_sampling: True
_norm_clip: 5
_norm_eps: 0.01
_pi_lr: 0.001
_polyak: 0.95
_relative_goals: False
_scope: ddpg
_uniform_priority: False
ddpg_params: {'pi_lr': 0.001, 'relative_goals': False, 'buffer_size': 1000000, 'uniform_priority': False, 'clip_obs': 200.0, 'polyak': 0.95, 'norm_eps': 0.01, 'norm_clip': 5, 'network_class': 'baselines.her.actor_critic:ActorCritic', 'batch_size': 256, 'hidden': 256, 'n_reps': 1, 'max_u': 1.0, 'scope': 'ddpg', 'Q_lr': 0.001, 'action_l2': 1.0, 'layers': 3, 'nonuniform_sampling': True}
env_name: FetchReach-v1
gamma: 0.98
make_env: <function prepare_params.<locals>.make_env at 0x7f19028629d8>
n_batches: 40
n_cycles: 50
n_test_rollouts: 10
noise_eps: 0.2
random_eps: 0.3
replay_k: 8
replay_strategy: future
rollout_batch_size: 2
test_with_polyak: False
T: 50
_Q_lr: 0.001
_action_l2: 1.0
_batch_size: 256
_buffer_size: 1000000
_clip_obs: 200.0
_hidden: 256
_layers: 3
_max_u: 1.0
_n_reps: 1
_network_class: baselines.her.actor_critic:ActorCritic
_nonuniform_sampling: True
_norm_clip: 5
_norm_eps: 0.01
_pi_lr: 0.001
_polyak: 0.95
_relative_goals: False
_scope: ddpg
_uniform_priority: False
ddpg_params: {'clip_obs': 200.0, 'network_class': 'baselines.her.actor_critic:ActorCritic', 'hidden': 256, 'scope': 'ddpg', 'nonuniform_sampling': True, 'uniform_priority': False, 'norm_clip': 5, 'action_l2': 1.0, 'layers': 3, 'n_reps': 1, 'norm_eps': 0.01, 'batch_size': 256, 'Q_lr': 0.001, 'pi_lr': 0.001, 'max_u': 1.0, 'polyak': 0.95, 'buffer_size': 1000000, 'relative_goals': False}
env_name: FetchReach-v1
gamma: 0.98
make_env: <function prepare_params.<locals>.make_env at 0x7f0337e8a9d8>
n_batches: 40
n_cycles: 50
n_test_rollouts: 10
noise_eps: 0.2
random_eps: 0.3
replay_k: 8
replay_strategy: future
rollout_batch_size: 2
test_with_polyak: False
Creating a DDPG agent with action space 4 x 1.0...
Creating a DDPG agent with action space 4 x 1.0...
Creating a DDPG agent with action space 4 x 1.0...
T: 50
_Q_lr: 0.001
_action_l2: 1.0
_batch_size: 256
_buffer_size: 1000000
_clip_obs: 200.0
_hidden: 256
_layers: 3
_max_u: 1.0
_n_reps: 1
_network_class: baselines.her.actor_critic:ActorCritic
_nonuniform_sampling: True
_norm_clip: 5
_norm_eps: 0.01
_pi_lr: 0.001
_polyak: 0.95
_relative_goals: False
_scope: ddpg
_uniform_priority: False
ddpg_params: {'Q_lr': 0.001, 'norm_eps': 0.01, 'polyak': 0.95, 'pi_lr': 0.001, 'norm_clip': 5, 'action_l2': 1.0, 'clip_obs': 200.0, 'hidden': 256, 'buffer_size': 1000000, 'max_u': 1.0, 'scope': 'ddpg', 'nonuniform_sampling': True, 'n_reps': 1, 'layers': 3, 'uniform_priority': False, 'network_class': 'baselines.her.actor_critic:ActorCritic', 'batch_size': 256, 'relative_goals': False}
env_name: FetchReach-v1
gamma: 0.98
make_env: <function prepare_params.<locals>.make_env at 0x7fbf3bf4c9d8>
n_batches: 40
n_cycles: 50
n_test_rollouts: 10
noise_eps: 0.2
random_eps: 0.3
replay_k: 8
replay_strategy: future
rollout_batch_size: 2
test_with_polyak: False
Creating a DDPG agent with action space 4 x 1.0...
T: 50
_Q_lr: 0.001
_action_l2: 1.0
_batch_size: 256
_buffer_size: 1000000
_clip_obs: 200.0
_hidden: 256
_layers: 3
_max_u: 1.0
_n_reps: 1
_network_class: baselines.her.actor_critic:ActorCritic
_nonuniform_sampling: True
_norm_clip: 5
_norm_eps: 0.01
_pi_lr: 0.001
_polyak: 0.95
_relative_goals: False
_scope: ddpg
_uniform_priority: False
ddpg_params: {'norm_clip': 5, 'Q_lr': 0.001, 'norm_eps': 0.01, 'max_u': 1.0, 'scope': 'ddpg', 'network_class': 'baselines.her.actor_critic:ActorCritic', 'buffer_size': 1000000, 'action_l2': 1.0, 'polyak': 0.95, 'hidden': 256, 'uniform_priority': False, 'n_reps': 1, 'layers': 3, 'clip_obs': 200.0, 'relative_goals': False, 'batch_size': 256, 'pi_lr': 0.001, 'nonuniform_sampling': True}
env_name: FetchReach-v1
gamma: 0.98
make_env: <function prepare_params.<locals>.make_env at 0x7fa4c6dab9d8>
n_batches: 40
n_cycles: 50
n_test_rollouts: 10
noise_eps: 0.2
random_eps: 0.3
replay_k: 8
replay_strategy: future
rollout_batch_size: 2
test_with_polyak: False
Creating a DDPG agent with action space 4 x 1.0...
T: 50
_Q_lr: 0.001
_action_l2: 1.0
_batch_size: 256
_buffer_size: 1000000
_clip_obs: 200.0
_hidden: 256
_layers: 3
_max_u: 1.0
_n_reps: 1
_network_class: baselines.her.actor_critic:ActorCritic
_nonuniform_sampling: True
_norm_clip: 5
_norm_eps: 0.01
_pi_lr: 0.001
_polyak: 0.95
_relative_goals: False
_scope: ddpg
_uniform_priority: False
ddpg_params: {'uniform_priority': False, 'norm_eps': 0.01, 'hidden': 256, 'Q_lr': 0.001, 'layers': 3, 'buffer_size': 1000000, 'network_class': 'baselines.her.actor_critic:ActorCritic', 'pi_lr': 0.001, 'polyak': 0.95, 'n_reps': 1, 'nonuniform_sampling': True, 'batch_size': 256, 'action_l2': 1.0, 'scope': 'ddpg', 'clip_obs': 200.0, 'norm_clip': 5, 'max_u': 1.0, 'relative_goals': False}
env_name: FetchReach-v1
gamma: 0.98
make_env: <function prepare_params.<locals>.make_env at 0x7f8a23f8a9d8>
n_batches: 40
n_cycles: 50
n_test_rollouts: 10
noise_eps: 0.2
random_eps: 0.3
replay_k: 8
replay_strategy: future
rollout_batch_size: 2
test_with_polyak: False
T: 50
_Q_lr: 0.001
_action_l2: 1.0
_batch_size: 256
_buffer_size: 1000000
_clip_obs: 200.0
_hidden: 256
_layers: 3
_max_u: 1.0
_n_reps: 1
_network_class: baselines.her.actor_critic:ActorCritic
_nonuniform_sampling: True
_norm_clip: 5
_norm_eps: 0.01
_pi_lr: 0.001
_polyak: 0.95
_relative_goals: False
_scope: ddpg
_uniform_priority: False
ddpg_params: {'nonuniform_sampling': True, 'polyak': 0.95, 'relative_goals': False, 'pi_lr': 0.001, 'batch_size': 256, 'max_u': 1.0, 'action_l2': 1.0, 'Q_lr': 0.001, 'uniform_priority': False, 'norm_clip': 5, 'n_reps': 1, 'hidden': 256, 'norm_eps': 0.01, 'clip_obs': 200.0, 'network_class': 'baselines.her.actor_critic:ActorCritic', 'buffer_size': 1000000, 'layers': 3, 'scope': 'ddpg'}
env_name: FetchReach-v1
gamma: 0.98
make_env: <function prepare_params.<locals>.make_env at 0x7f194f2ab9d8>
n_batches: 40
n_cycles: 50
n_test_rollouts: 10
noise_eps: 0.2
random_eps: 0.3
replay_k: 8
replay_strategy: future
rollout_batch_size: 2
test_with_polyak: False
Creating a DDPG agent with action space 4 x 1.0...
Creating a DDPG agent with action space 4 x 1.0...
[her-fetch-instance:17937] 11 more processes have sent help message help-mpi-btl-base.txt / btl:no-nics
[her-fetch-instance:17937] Set MCA parameter "orte_base_help_aggregate" to 0 to see all help / error messages
Training...
Training...
Training...
Training...
Training...
Training...
Training...
Training...
Training...
Training...
Training...
Training...
--------------------------------------------
| epoch              | 0                   |
| stats_g/mean       | 0.0                 |
| stats_g/std        | 1.0                 |
| stats_o/mean       | 0.0                 |
| stats_o/std        | 1.0                 |
| test/episode       | 20.0                |
| test/mean_Q        | -1.0778109          |
| test/success_rate  | 1.0                 |
| train/episode      | 100.0               |
| train/success_rate | 0.29916666666666664 |
--------------------------------------------
New best success rate: 1.0. Saving policy to /tmp/openai-2018-04-23-07-15-42-168639/policy_best.pkl ...
Saving periodic policy to /tmp/openai-2018-04-23-07-15-42-168639/policy_0.pkl ...

Aborted!
